2024-11-20 16:33:42,506 - Excel initialisé avec succès via xlwings
2024-11-20 16:33:42,507 - Surveillance du dossier: C:\Users\JulienFernandez\OneDrive\Portable Softwares\_Scripts\Python\Excel related\2024.11 Excel - surveillance (pas à pas)\macros_export
2024-11-20 16:34:01,913 - Modification détectée: C:\Users\JulienFernandez\OneDrive\Portable Softwares\_Scripts\Python\Excel related\2024.11 Excel - surveillance (pas à pas)\macros_export\Module1.bas
2024-11-20 16:34:01,914 - Erreur lors de l'import de C:\Users\JulienFernandez\OneDrive\Portable Softwares\_Scripts\Python\Excel related\2024.11 Excel - surveillance (pas à pas)\macros_export\Module1.bas: (-2147221008, 'CoInitialize n’a pas été appelé.', None, None)
2024-11-20 16:34:01,917 - Modification détectée: C:\Users\JulienFernandez\OneDrive\Portable Softwares\_Scripts\Python\Excel related\2024.11 Excel - surveillance (pas à pas)\macros_export\Module1.bas
2024-11-20 16:34:01,917 - Erreur lors de l'import de C:\Users\JulienFernandez\OneDrive\Portable Softwares\_Scripts\Python\Excel related\2024.11 Excel - surveillance (pas à pas)\macros_export\Module1.bas: (-2147221008, 'CoInitialize n’a pas été appelé.', None, None)
2024-11-20 16:34:52,981 - Modification détectée: C:\Users\JulienFernandez\OneDrive\Portable Softwares\_Scripts\Python\Excel related\2024.11 Excel - surveillance (pas à pas)\macros_export\Module1.bas
2024-11-20 16:34:52,981 - Erreur lors de l'import de C:\Users\JulienFernandez\OneDrive\Portable Softwares\_Scripts\Python\Excel related\2024.11 Excel - surveillance (pas à pas)\macros_export\Module1.bas: (-2147221008, 'CoInitialize n’a pas été appelé.', None, None)
2024-11-20 16:34:52,983 - Modification détectée: C:\Users\JulienFernandez\OneDrive\Portable Softwares\_Scripts\Python\Excel related\2024.11 Excel - surveillance (pas à pas)\macros_export\Module1.bas
2024-11-20 16:34:52,984 - Erreur lors de l'import de C:\Users\JulienFernandez\OneDrive\Portable Softwares\_Scripts\Python\Excel related\2024.11 Excel - surveillance (pas à pas)\macros_export\Module1.bas: (-2147221008, 'CoInitialize n’a pas été appelé.', None, None)
2024-11-20 16:35:04,372 - Excel initialisé avec succès via xlwings
2024-11-20 16:35:04,373 - Surveillance du dossier: C:\Users\JulienFernandez\OneDrive\Portable Softwares\_Scripts\Python\Excel related\2024.11 Excel - surveillance (pas à pas)\macros_export
2024-11-20 16:35:08,346 - Modification détectée: C:\Users\JulienFernandez\OneDrive\Portable Softwares\_Scripts\Python\Excel related\2024.11 Excel - surveillance (pas à pas)\macros_export\Module2.bas
2024-11-20 16:35:08,347 - Erreur lors de l'import de C:\Users\JulienFernandez\OneDrive\Portable Softwares\_Scripts\Python\Excel related\2024.11 Excel - surveillance (pas à pas)\macros_export\Module2.bas: (-2147221008, 'CoInitialize n’a pas été appelé.', None, None)
2024-11-20 16:35:14,667 - Modification détectée: C:\Users\JulienFernandez\OneDrive\Portable Softwares\_Scripts\Python\Excel related\2024.11 Excel - surveillance (pas à pas)\macros_export\Module2.bas
2024-11-20 16:35:14,668 - Erreur lors de l'import de C:\Users\JulienFernandez\OneDrive\Portable Softwares\_Scripts\Python\Excel related\2024.11 Excel - surveillance (pas à pas)\macros_export\Module2.bas: (-2147221008, 'CoInitialize n’a pas été appelé.', None, None)
2024-11-20 16:35:14,668 - Modification détectée: C:\Users\JulienFernandez\OneDrive\Portable Softwares\_Scripts\Python\Excel related\2024.11 Excel - surveillance (pas à pas)\macros_export\Module2.bas
2024-11-20 16:35:14,668 - Erreur lors de l'import de C:\Users\JulienFernandez\OneDrive\Portable Softwares\_Scripts\Python\Excel related\2024.11 Excel - surveillance (pas à pas)\macros_export\Module2.bas: (-2147221008, 'CoInitialize n’a pas été appelé.', None, None)
2024-11-20 16:35:14,669 - Modification détectée: C:\Users\JulienFernandez\OneDrive\Portable Softwares\_Scripts\Python\Excel related\2024.11 Excel - surveillance (pas à pas)\macros_export\Module2.bas
2024-11-20 16:35:14,669 - Erreur lors de l'import de C:\Users\JulienFernandez\OneDrive\Portable Softwares\_Scripts\Python\Excel related\2024.11 Excel - surveillance (pas à pas)\macros_export\Module2.bas: (-2147221008, 'CoInitialize n’a pas été appelé.', None, None)
2024-11-20 16:38:24,511 - DEBUG - Début initialisation Excel...
2024-11-20 16:38:25,652 - DEBUG - Nouvelle instance Excel créée: <App [excel] 24828>
2024-11-20 16:38:25,653 - DEBUG - Tentative d'ouverture du fichier: C:\Users\JulienFernandez\OneDrive\Portable Softwares\_Scripts\Python\Excel related\2024.11 Excel - surveillance (pas à pas)\ExcelLiveInjectionWithMacrosAndPQ.xlsm
2024-11-20 16:38:26,964 - INFO - Excel initialisé avec succès
2024-11-20 16:38:26,965 - INFO - Surveillance du dossier: C:\Users\JulienFernandez\OneDrive\Portable Softwares\_Scripts\Python\Excel related\2024.11 Excel - surveillance (pas à pas)\macros_export
2024-11-20 16:38:44,101 - ERROR - Erreur import C:\Users\JulienFernandez\OneDrive\Portable Softwares\_Scripts\Python\Excel related\2024.11 Excel - surveillance (pas à pas)\macros_export\Module2.bas: Le workbook n'est plus ouvert
2024-11-20 16:38:44,102 - DEBUG - Stack trace:
Traceback (most recent call last):
  File "C:\Users\JulienFernandez\OneDrive\Portable Softwares\_Scripts\Python\Excel related\2024.11 Excel - surveillance (pas à pas)\xlwings-monitor.py", line 86, in import_vba_component
    raise Exception("Le workbook n'est plus ouvert")
Exception: Le workbook n'est plus ouvert
2024-11-20 16:38:44,107 - ERROR - Erreur import C:\Users\JulienFernandez\OneDrive\Portable Softwares\_Scripts\Python\Excel related\2024.11 Excel - surveillance (pas à pas)\macros_export\Module2.bas: Le workbook n'est plus ouvert
2024-11-20 16:38:44,107 - DEBUG - Stack trace:
Traceback (most recent call last):
  File "C:\Users\JulienFernandez\OneDrive\Portable Softwares\_Scripts\Python\Excel related\2024.11 Excel - surveillance (pas à pas)\xlwings-monitor.py", line 86, in import_vba_component
    raise Exception("Le workbook n'est plus ouvert")
Exception: Le workbook n'est plus ouvert
2024-11-20 16:38:44,111 - ERROR - Erreur import C:\Users\JulienFernandez\OneDrive\Portable Softwares\_Scripts\Python\Excel related\2024.11 Excel - surveillance (pas à pas)\macros_export\Module2.bas: Le workbook n'est plus ouvert
2024-11-20 16:38:44,112 - DEBUG - Stack trace:
Traceback (most recent call last):
  File "C:\Users\JulienFernandez\OneDrive\Portable Softwares\_Scripts\Python\Excel related\2024.11 Excel - surveillance (pas à pas)\xlwings-monitor.py", line 86, in import_vba_component
    raise Exception("Le workbook n'est plus ouvert")
Exception: Le workbook n'est plus ouvert
2024-11-20 16:38:46,568 - ERROR - Erreur import C:\Users\JulienFernandez\OneDrive\Portable Softwares\_Scripts\Python\Excel related\2024.11 Excel - surveillance (pas à pas)\macros_export\Module2.bas: Le workbook n'est plus ouvert
2024-11-20 16:38:46,569 - DEBUG - Stack trace:
Traceback (most recent call last):
  File "C:\Users\JulienFernandez\OneDrive\Portable Softwares\_Scripts\Python\Excel related\2024.11 Excel - surveillance (pas à pas)\xlwings-monitor.py", line 86, in import_vba_component
    raise Exception("Le workbook n'est plus ouvert")
Exception: Le workbook n'est plus ouvert
2024-11-20 16:40:14,442 - DEBUG - Début initialisation Excel...
2024-11-20 16:40:16,236 - DEBUG - Nouvelle instance Excel créée: <App [excel] 31020>
2024-11-20 16:40:16,237 - DEBUG - Tentative d'ouverture du fichier: C:\Users\JulienFernandez\OneDrive\Portable Softwares\_Scripts\Python\Excel related\2024.11 Excel - surveillance (pas à pas)\ExcelLiveInjectionWithMacrosAndPQ.xlsm
2024-11-20 16:40:21,756 - ERROR - Erreur d'initialisation Excel: (-2147352567, 'Une exception s’est produite.', (0, 'Microsoft Excel', 'Microsoft Excel cannot access the file "C:\\Users\\JulienFernandez\\OneDrive\\Portable Softwares\\_Scripts\\Python\\Excel related\\2024.11 Excel - surveillance (pas à pas)\\ExcelLiveInjectionWithMacrosAndPQ.xlsm". There are several possible reasons:\n\n• The file name or path does not exist.\n• The file is being used by another program.\n• The workbook you are trying to save has the same name as a currently open workbook.', 'xlmain11.chm', 0, -2146827284), None)
2024-11-20 16:40:21,758 - DEBUG - Stack trace:
Traceback (most recent call last):
  File "C:\Users\JulienFernandez\OneDrive\Portable Softwares\_Scripts\Python\Excel related\2024.11 Excel - surveillance (pas à pas)\.venv\Lib\site-packages\xlwings\_xlwindows.py", line 767, in __call__
    return Book(xl=self.xl(name_or_index))
                   ~~~~~~~^^^^^^^^^^^^^^^
  File "C:\Users\JulienFernandez\OneDrive\Portable Softwares\_Scripts\Python\Excel related\2024.11 Excel - surveillance (pas à pas)\.venv\Lib\site-packages\xlwings\_xlwindows.py", line 236, in __call__
    v = self._inner(*args, **kwargs)
  File "C:\Users\JULIEN~1\AppData\Local\Temp\gen_py\3.13\00020813-0000-0000-C000-000000000046x0x1x9.py", line 41398, in __call__
    ret = self._oleobj_.InvokeTypes(0, LCID, 2, (13, 0), ((12, 1),),Index
    	)
pywintypes.com_error: (-2147352567, 'Une exception s’est produite.', (0, None, None, None, 0, -2147352565), None)

During handling of the above exception, another exception occurred:

Traceback (most recent call last):
  File "C:\Users\JulienFernandez\OneDrive\Portable Softwares\_Scripts\Python\Excel related\2024.11 Excel - surveillance (pas à pas)\.venv\Lib\site-packages\xlwings\main.py", line 5165, in open
    impl = self.impl(name)
  File "C:\Users\JulienFernandez\OneDrive\Portable Softwares\_Scripts\Python\Excel related\2024.11 Excel - surveillance (pas à pas)\.venv\Lib\site-packages\xlwings\_xlwindows.py", line 769, in __call__
    raise KeyError(name_or_index)
KeyError: 'ExcelLiveInjectionWithMacrosAndPQ.xlsm'

During handling of the above exception, another exception occurred:

Traceback (most recent call last):
  File "C:\Users\JulienFernandez\OneDrive\Portable Softwares\_Scripts\Python\Excel related\2024.11 Excel - surveillance (pas à pas)\xlwings-monitor.py", line 82, in initialize_excel
    self.wb = self.app.books.open(self.excel_path)
              ~~~~~~~~~~~~~~~~~~~^^^^^^^^^^^^^^^^^
  File "C:\Users\JulienFernandez\OneDrive\Portable Softwares\_Scripts\Python\Excel related\2024.11 Excel - surveillance (pas à pas)\.venv\Lib\site-packages\xlwings\main.py", line 5172, in open
    impl = self.impl.open(
        fullname,
    ...<13 lines>...
        corrupt_load,
    )
  File "C:\Users\JulienFernandez\OneDrive\Portable Softwares\_Scripts\Python\Excel related\2024.11 Excel - surveillance (pas à pas)\.venv\Lib\site-packages\xlwings\_xlwindows.py", line 800, in open
    xl=self.xl.Open(
        fullname,
    ...<13 lines>...
        corrupt_load,
    )
  File "C:\Users\JulienFernandez\OneDrive\Portable Softwares\_Scripts\Python\Excel related\2024.11 Excel - surveillance (pas à pas)\.venv\Lib\site-packages\xlwings\_xlwindows.py", line 122, in __call__
    v = self.__method(*args, **kwargs)
  File "C:\Users\JULIEN~1\AppData\Local\Temp\gen_py\3.13\00020813-0000-0000-C000-000000000046x0x1x9.py", line 41275, in Open
    ret = self._oleobj_.InvokeTypes(1923, LCID, 1, (13, 0), ((8, 1), (12, 17), (12, 17), (12, 17), (12, 17), (12, 17), (12, 17), (12, 17), (12, 17), (12, 17), (12, 17), (12, 17), (12, 17), (12, 17), (12, 17)),Filename
    	, UpdateLinks, ReadOnly, Format, Password, WriteResPassword
    	, IgnoreReadOnlyRecommended, Origin, Delimiter, Editable, Notify
    	, Converter, AddToMru, Local, CorruptLoad)
pywintypes.com_error: (-2147352567, 'Une exception s’est produite.', (0, 'Microsoft Excel', 'Microsoft Excel cannot access the file "C:\\Users\\JulienFernandez\\OneDrive\\Portable Softwares\\_Scripts\\Python\\Excel related\\2024.11 Excel - surveillance (pas à pas)\\ExcelLiveInjectionWithMacrosAndPQ.xlsm". There are several possible reasons:\n\n• The file name or path does not exist.\n• The file is being used by another program.\n• The workbook you are trying to save has the same name as a currently open workbook.', 'xlmain11.chm', 0, -2146827284), None)
2024-11-20 16:40:21,794 - ERROR - Erreur générale: (-2147352567, 'Une exception s’est produite.', (0, 'Microsoft Excel', 'Microsoft Excel cannot access the file "C:\\Users\\JulienFernandez\\OneDrive\\Portable Softwares\\_Scripts\\Python\\Excel related\\2024.11 Excel - surveillance (pas à pas)\\ExcelLiveInjectionWithMacrosAndPQ.xlsm". There are several possible reasons:\n\n• The file name or path does not exist.\n• The file is being used by another program.\n• The workbook you are trying to save has the same name as a currently open workbook.', 'xlmain11.chm', 0, -2146827284), None)
2024-11-20 16:40:29,953 - DEBUG - Début initialisation Excel...
2024-11-20 16:40:31,482 - DEBUG - Nouvelle instance Excel créée: <App [excel] 30992>
2024-11-20 16:40:31,483 - DEBUG - Tentative d'ouverture du fichier: C:\Users\JulienFernandez\OneDrive\Portable Softwares\_Scripts\Python\Excel related\2024.11 Excel - surveillance (pas à pas)\ExcelLiveInjectionWithMacrosAndPQ.xlsm
2024-11-20 16:40:32,861 - INFO - Excel initialisé avec succès
2024-11-20 16:40:32,862 - INFO - Surveillance du dossier: C:\Users\JulienFernandez\OneDrive\Portable Softwares\_Scripts\Python\Excel related\2024.11 Excel - surveillance (pas à pas)\macros_export
2024-11-20 16:40:32,866 - DEBUG - Vérification du workbook...
2024-11-20 16:40:32,899 - DEBUG - Workbook trouvé et actif
2024-11-20 16:40:33,902 - DEBUG - Vérification du workbook...
2024-11-20 16:40:33,908 - DEBUG - Workbook trouvé et actif
2024-11-20 16:40:34,910 - DEBUG - Vérification du workbook...
2024-11-20 16:40:34,916 - DEBUG - Workbook trouvé et actif
2024-11-20 16:40:35,918 - DEBUG - Vérification du workbook...
2024-11-20 16:40:35,923 - DEBUG - Workbook trouvé et actif
2024-11-20 16:40:36,925 - DEBUG - Vérification du workbook...
2024-11-20 16:40:36,929 - DEBUG - Workbook trouvé et actif
2024-11-20 16:40:37,930 - DEBUG - Vérification du workbook...
2024-11-20 16:40:37,934 - DEBUG - Workbook trouvé et actif
2024-11-20 16:40:38,936 - DEBUG - Vérification du workbook...
2024-11-20 16:40:38,941 - DEBUG - Workbook trouvé et actif
2024-11-20 16:40:39,943 - DEBUG - Vérification du workbook...
2024-11-20 16:40:39,952 - DEBUG - Workbook trouvé et actif
2024-11-20 16:40:40,955 - DEBUG - Vérification du workbook...
2024-11-20 16:40:40,959 - DEBUG - Workbook trouvé et actif
2024-11-20 16:40:41,960 - DEBUG - Vérification du workbook...
2024-11-20 16:40:41,964 - DEBUG - Workbook trouvé et actif
2024-11-20 16:40:42,966 - DEBUG - Vérification du workbook...
2024-11-20 16:40:42,979 - DEBUG - Workbook trouvé et actif
2024-11-20 16:40:43,980 - DEBUG - Vérification du workbook...
2024-11-20 16:40:43,986 - DEBUG - Workbook trouvé et actif
2024-11-20 16:40:44,988 - DEBUG - Vérification du workbook...
2024-11-20 16:40:45,000 - DEBUG - Workbook trouvé et actif
2024-11-20 16:40:46,002 - DEBUG - Vérification du workbook...
2024-11-20 16:40:46,011 - DEBUG - Workbook trouvé et actif
2024-11-20 16:40:46,808 - DEBUG - Vérification du workbook...
2024-11-20 16:40:46,810 - DEBUG - Erreur accès workbooks
2024-11-20 16:40:46,810 - ERROR - Erreur import C:\Users\JulienFernandez\OneDrive\Portable Softwares\_Scripts\Python\Excel related\2024.11 Excel - surveillance (pas à pas)\macros_export\Module2.bas: Le workbook n'est plus ouvert
2024-11-20 16:40:46,811 - DEBUG - Stack trace:
Traceback (most recent call last):
  File "C:\Users\JulienFernandez\OneDrive\Portable Softwares\_Scripts\Python\Excel related\2024.11 Excel - surveillance (pas à pas)\xlwings-monitor.py", line 108, in import_vba_component
    raise Exception("Le workbook n'est plus ouvert")
Exception: Le workbook n'est plus ouvert
2024-11-20 16:40:46,815 - DEBUG - Vérification du workbook...
2024-11-20 16:40:46,816 - DEBUG - Erreur accès workbooks
2024-11-20 16:40:46,817 - ERROR - Erreur import C:\Users\JulienFernandez\OneDrive\Portable Softwares\_Scripts\Python\Excel related\2024.11 Excel - surveillance (pas à pas)\macros_export\Module2.bas: Le workbook n'est plus ouvert
2024-11-20 16:40:46,817 - DEBUG - Stack trace:
Traceback (most recent call last):
  File "C:\Users\JulienFernandez\OneDrive\Portable Softwares\_Scripts\Python\Excel related\2024.11 Excel - surveillance (pas à pas)\xlwings-monitor.py", line 108, in import_vba_component
    raise Exception("Le workbook n'est plus ouvert")
Exception: Le workbook n'est plus ouvert
2024-11-20 16:40:46,821 - DEBUG - Vérification du workbook...
2024-11-20 16:40:46,822 - DEBUG - Erreur accès workbooks
2024-11-20 16:40:46,822 - ERROR - Erreur import C:\Users\JulienFernandez\OneDrive\Portable Softwares\_Scripts\Python\Excel related\2024.11 Excel - surveillance (pas à pas)\macros_export\Module2.bas: Le workbook n'est plus ouvert
2024-11-20 16:40:46,823 - DEBUG - Stack trace:
Traceback (most recent call last):
  File "C:\Users\JulienFernandez\OneDrive\Portable Softwares\_Scripts\Python\Excel related\2024.11 Excel - surveillance (pas à pas)\xlwings-monitor.py", line 108, in import_vba_component
    raise Exception("Le workbook n'est plus ouvert")
Exception: Le workbook n'est plus ouvert
2024-11-20 16:40:47,015 - DEBUG - Vérification du workbook...
2024-11-20 16:40:47,024 - DEBUG - Workbook trouvé et actif
2024-11-20 16:40:48,026 - DEBUG - Vérification du workbook...
2024-11-20 16:40:48,032 - DEBUG - Workbook trouvé et actif
2024-11-20 16:40:49,033 - DEBUG - Vérification du workbook...
2024-11-20 16:40:49,051 - DEBUG - Workbook trouvé et actif
2024-11-20 16:40:49,226 - DEBUG - Vérification du workbook...
2024-11-20 16:40:49,228 - DEBUG - Erreur accès workbooks
2024-11-20 16:40:49,228 - ERROR - Erreur import C:\Users\JulienFernandez\OneDrive\Portable Softwares\_Scripts\Python\Excel related\2024.11 Excel - surveillance (pas à pas)\macros_export\Module2.bas: Le workbook n'est plus ouvert
2024-11-20 16:40:49,229 - DEBUG - Stack trace:
Traceback (most recent call last):
  File "C:\Users\JulienFernandez\OneDrive\Portable Softwares\_Scripts\Python\Excel related\2024.11 Excel - surveillance (pas à pas)\xlwings-monitor.py", line 108, in import_vba_component
    raise Exception("Le workbook n'est plus ouvert")
Exception: Le workbook n'est plus ouvert
2024-11-20 16:40:50,054 - DEBUG - Vérification du workbook...
2024-11-20 16:40:50,060 - DEBUG - Workbook trouvé et actif
2024-11-20 16:40:51,062 - DEBUG - Vérification du workbook...
2024-11-20 16:40:51,073 - DEBUG - Workbook trouvé et actif
2024-11-20 16:40:52,074 - DEBUG - Vérification du workbook...
2024-11-20 16:40:52,086 - DEBUG - Workbook trouvé et actif
2024-11-20 16:40:53,087 - DEBUG - Vérification du workbook...
2024-11-20 16:40:53,091 - DEBUG - Workbook trouvé et actif
2024-11-20 16:40:54,092 - DEBUG - Vérification du workbook...
2024-11-20 16:40:54,103 - DEBUG - Workbook trouvé et actif
2024-11-20 16:40:55,105 - DEBUG - Vérification du workbook...
2024-11-20 16:40:55,109 - DEBUG - Workbook trouvé et actif
2024-11-20 16:40:56,110 - DEBUG - Vérification du workbook...
2024-11-20 16:40:56,118 - DEBUG - Workbook trouvé et actif
2024-11-20 16:40:57,120 - DEBUG - Vérification du workbook...
2024-11-20 16:40:57,124 - DEBUG - Workbook trouvé et actif
2024-11-20 16:40:58,126 - DEBUG - Vérification du workbook...
2024-11-20 16:40:58,132 - DEBUG - Workbook trouvé et actif
2024-11-20 16:40:59,133 - DEBUG - Vérification du workbook...
2024-11-20 16:40:59,136 - DEBUG - Workbook trouvé et actif
2024-11-20 16:41:00,137 - DEBUG - Vérification du workbook...
2024-11-20 16:41:00,143 - DEBUG - Workbook trouvé et actif
2024-11-20 16:41:01,144 - DEBUG - Vérification du workbook...
2024-11-20 16:41:01,148 - DEBUG - Workbook trouvé et actif
2024-11-20 16:41:02,149 - DEBUG - Vérification du workbook...
2024-11-20 16:41:02,155 - DEBUG - Workbook trouvé et actif
2024-11-20 16:41:03,156 - DEBUG - Vérification du workbook...
2024-11-20 16:41:03,160 - DEBUG - Workbook trouvé et actif
2024-11-20 16:41:04,161 - DEBUG - Vérification du workbook...
2024-11-20 16:41:04,169 - DEBUG - Workbook trouvé et actif
2024-11-20 16:41:05,171 - DEBUG - Vérification du workbook...
2024-11-20 16:41:05,176 - DEBUG - Workbook trouvé et actif
2024-11-20 16:41:06,177 - DEBUG - Vérification du workbook...
2024-11-20 16:41:06,184 - DEBUG - Workbook trouvé et actif
2024-11-20 16:41:07,185 - DEBUG - Vérification du workbook...
2024-11-20 16:41:07,193 - DEBUG - Workbook trouvé et actif
2024-11-20 16:41:08,195 - DEBUG - Vérification du workbook...
2024-11-20 16:41:08,203 - DEBUG - Workbook trouvé et actif
2024-11-20 16:41:09,206 - DEBUG - Vérification du workbook...
2024-11-20 16:41:09,213 - DEBUG - Workbook trouvé et actif
2024-11-20 16:41:10,216 - DEBUG - Vérification du workbook...
2024-11-20 16:41:10,219 - DEBUG - Workbook trouvé et actif
2024-11-20 16:41:11,220 - DEBUG - Vérification du workbook...
2024-11-20 16:41:11,233 - DEBUG - Workbook trouvé et actif
2024-11-20 16:41:12,234 - DEBUG - Vérification du workbook...
2024-11-20 16:41:12,240 - DEBUG - Workbook trouvé et actif
2024-11-20 16:41:13,241 - DEBUG - Vérification du workbook...
2024-11-20 16:41:13,245 - DEBUG - Workbook trouvé et actif
2024-11-20 16:41:14,247 - DEBUG - Vérification du workbook...
2024-11-20 16:41:14,253 - DEBUG - Workbook trouvé et actif
2024-11-20 16:41:15,255 - DEBUG - Vérification du workbook...
2024-11-20 16:41:15,305 - DEBUG - Workbook trouvé et actif
2024-11-20 16:41:16,315 - DEBUG - Vérification du workbook...
2024-11-20 16:41:16,349 - DEBUG - Workbook trouvé et actif
2024-11-20 16:41:17,355 - DEBUG - Vérification du workbook...
2024-11-20 16:41:17,360 - DEBUG - Workbook trouvé et actif
2024-11-20 16:41:18,362 - DEBUG - Vérification du workbook...
2024-11-20 16:41:18,369 - DEBUG - Workbook trouvé et actif
2024-11-20 16:41:19,371 - DEBUG - Vérification du workbook...
2024-11-20 16:41:19,378 - DEBUG - Workbook trouvé et actif
2024-11-20 16:41:20,380 - DEBUG - Vérification du workbook...
2024-11-20 16:41:20,386 - DEBUG - Workbook trouvé et actif
2024-11-20 16:41:21,391 - DEBUG - Vérification du workbook...
2024-11-20 16:41:21,446 - DEBUG - Workbook trouvé et actif
2024-11-20 16:41:22,449 - DEBUG - Vérification du workbook...
2024-11-20 16:41:22,459 - DEBUG - Workbook trouvé et actif
2024-11-20 16:41:23,460 - DEBUG - Vérification du workbook...
2024-11-20 16:41:23,465 - DEBUG - Workbook trouvé et actif
2024-11-20 16:41:24,465 - DEBUG - Vérification du workbook...
2024-11-20 16:41:24,469 - DEBUG - Workbook trouvé et actif
2024-11-20 16:41:25,472 - DEBUG - Vérification du workbook...
2024-11-20 16:41:25,476 - DEBUG - Workbook trouvé et actif
2024-11-20 16:41:26,478 - DEBUG - Vérification du workbook...
2024-11-20 16:41:26,486 - DEBUG - Workbook trouvé et actif
2024-11-20 16:41:27,488 - DEBUG - Vérification du workbook...
2024-11-20 16:41:27,491 - DEBUG - Workbook trouvé et actif
2024-11-20 16:41:28,492 - DEBUG - Vérification du workbook...
2024-11-20 16:41:28,499 - DEBUG - Workbook trouvé et actif
2024-11-20 16:41:29,500 - DEBUG - Vérification du workbook...
2024-11-20 16:41:29,508 - DEBUG - Workbook trouvé et actif
2024-11-20 16:41:30,510 - DEBUG - Vérification du workbook...
2024-11-20 16:41:30,518 - DEBUG - Workbook trouvé et actif
2024-11-20 16:41:31,519 - DEBUG - Vérification du workbook...
2024-11-20 16:41:31,526 - DEBUG - Workbook trouvé et actif
2024-11-20 16:41:32,528 - DEBUG - Vérification du workbook...
2024-11-20 16:41:32,531 - DEBUG - Workbook trouvé et actif
2024-11-20 16:41:33,532 - DEBUG - Vérification du workbook...
2024-11-20 16:41:33,541 - DEBUG - Workbook trouvé et actif
2024-11-20 16:41:34,543 - DEBUG - Vérification du workbook...
2024-11-20 16:41:34,551 - DEBUG - Workbook trouvé et actif
2024-11-20 16:41:35,552 - DEBUG - Vérification du workbook...
2024-11-20 16:41:35,567 - DEBUG - Workbook trouvé et actif
2024-11-20 16:41:36,570 - DEBUG - Vérification du workbook...
2024-11-20 16:41:36,578 - DEBUG - Workbook trouvé et actif
2024-11-20 16:41:37,579 - DEBUG - Vérification du workbook...
2024-11-20 16:41:37,584 - DEBUG - Workbook trouvé et actif
2024-11-20 16:41:38,585 - DEBUG - Vérification du workbook...
2024-11-20 16:41:38,589 - DEBUG - Workbook trouvé et actif
2024-11-20 16:41:39,590 - DEBUG - Vérification du workbook...
2024-11-20 16:41:39,593 - DEBUG - Workbook trouvé et actif
2024-11-20 16:41:40,594 - DEBUG - Vérification du workbook...
2024-11-20 16:41:40,597 - DEBUG - Workbook trouvé et actif
2024-11-20 16:41:41,599 - DEBUG - Vérification du workbook...
2024-11-20 16:41:41,602 - DEBUG - Workbook trouvé et actif
2024-11-20 16:41:42,603 - DEBUG - Vérification du workbook...
2024-11-20 16:41:42,609 - DEBUG - Workbook trouvé et actif
2024-11-20 16:41:43,610 - DEBUG - Vérification du workbook...
2024-11-20 16:41:43,649 - DEBUG - Workbook trouvé et actif
2024-11-20 16:41:44,654 - DEBUG - Vérification du workbook...
2024-11-20 16:41:44,659 - DEBUG - Workbook trouvé et actif
2024-11-20 16:41:45,660 - DEBUG - Vérification du workbook...
2024-11-20 16:41:45,673 - DEBUG - Workbook trouvé et actif
2024-11-20 16:41:46,675 - DEBUG - Vérification du workbook...
2024-11-20 16:41:46,680 - DEBUG - Workbook trouvé et actif
2024-11-20 16:41:47,681 - DEBUG - Vérification du workbook...
2024-11-20 16:41:47,687 - DEBUG - Workbook trouvé et actif
2024-11-20 16:41:48,689 - DEBUG - Vérification du workbook...
2024-11-20 16:41:48,699 - DEBUG - Workbook trouvé et actif
2024-11-20 16:41:49,702 - DEBUG - Vérification du workbook...
2024-11-20 16:41:49,708 - DEBUG - Workbook trouvé et actif
2024-11-20 16:41:50,710 - DEBUG - Vérification du workbook...
2024-11-20 16:41:50,713 - DEBUG - Workbook trouvé et actif
2024-11-20 16:41:51,714 - DEBUG - Vérification du workbook...
2024-11-20 16:41:51,718 - DEBUG - Workbook trouvé et actif
2024-11-20 16:41:52,719 - DEBUG - Vérification du workbook...
2024-11-20 16:41:52,729 - DEBUG - Workbook trouvé et actif
2024-11-20 16:41:53,731 - DEBUG - Vérification du workbook...
2024-11-20 16:41:53,738 - DEBUG - Workbook trouvé et actif
2024-11-20 16:41:54,739 - DEBUG - Vérification du workbook...
2024-11-20 16:41:54,743 - DEBUG - Workbook trouvé et actif
2024-11-20 16:41:55,744 - DEBUG - Vérification du workbook...
2024-11-20 16:41:55,750 - DEBUG - Workbook trouvé et actif
2024-11-20 16:41:56,751 - DEBUG - Vérification du workbook...
2024-11-20 16:41:56,758 - DEBUG - Workbook trouvé et actif
2024-11-20 16:41:57,759 - DEBUG - Vérification du workbook...
2024-11-20 16:41:57,764 - DEBUG - Workbook trouvé et actif
2024-11-20 16:41:58,766 - DEBUG - Vérification du workbook...
2024-11-20 16:41:58,772 - DEBUG - Workbook trouvé et actif
2024-11-20 16:41:59,774 - DEBUG - Vérification du workbook...
2024-11-20 16:41:59,780 - DEBUG - Workbook trouvé et actif
2024-11-20 16:42:00,781 - DEBUG - Vérification du workbook...
2024-11-20 16:42:00,790 - DEBUG - Workbook trouvé et actif
2024-11-20 16:42:01,792 - DEBUG - Vérification du workbook...
2024-11-20 16:42:01,804 - DEBUG - Workbook trouvé et actif
2024-11-20 16:42:02,806 - DEBUG - Vérification du workbook...
2024-11-20 16:42:02,813 - DEBUG - Workbook trouvé et actif
2024-11-20 16:42:03,815 - DEBUG - Vérification du workbook...
2024-11-20 16:42:03,831 - DEBUG - Workbook trouvé et actif
2024-11-20 16:42:04,832 - DEBUG - Vérification du workbook...
2024-11-20 16:42:04,840 - DEBUG - Workbook trouvé et actif
2024-11-20 16:42:05,841 - DEBUG - Vérification du workbook...
2024-11-20 16:42:05,851 - DEBUG - Workbook trouvé et actif
2024-11-20 16:42:06,853 - DEBUG - Vérification du workbook...
2024-11-20 16:42:06,861 - DEBUG - Workbook trouvé et actif
2024-11-20 16:42:07,862 - DEBUG - Vérification du workbook...
2024-11-20 16:42:07,865 - DEBUG - Workbook trouvé et actif
2024-11-20 16:42:08,866 - DEBUG - Vérification du workbook...
2024-11-20 16:42:08,873 - DEBUG - Workbook trouvé et actif
2024-11-20 16:42:09,874 - DEBUG - Vérification du workbook...
2024-11-20 16:42:09,878 - DEBUG - Workbook trouvé et actif
2024-11-20 16:42:10,880 - DEBUG - Vérification du workbook...
2024-11-20 16:42:10,890 - DEBUG - Workbook trouvé et actif
2024-11-20 16:42:11,892 - DEBUG - Vérification du workbook...
2024-11-20 16:42:11,901 - DEBUG - Workbook trouvé et actif
2024-11-20 16:42:12,903 - DEBUG - Vérification du workbook...
2024-11-20 16:42:12,910 - DEBUG - Workbook trouvé et actif
2024-11-20 16:42:13,912 - DEBUG - Vérification du workbook...
2024-11-20 16:42:13,924 - DEBUG - Workbook trouvé et actif
2024-11-20 16:42:14,926 - DEBUG - Vérification du workbook...
2024-11-20 16:42:14,930 - DEBUG - Workbook trouvé et actif
2024-11-20 16:42:15,931 - DEBUG - Vérification du workbook...
2024-11-20 16:42:15,936 - DEBUG - Workbook trouvé et actif
2024-11-20 16:42:16,937 - DEBUG - Vérification du workbook...
2024-11-20 16:42:16,944 - DEBUG - Workbook trouvé et actif
2024-11-20 16:42:17,946 - DEBUG - Vérification du workbook...
2024-11-20 16:42:17,950 - DEBUG - Workbook trouvé et actif
2024-11-20 16:42:18,951 - DEBUG - Vérification du workbook...
2024-11-20 16:42:18,963 - DEBUG - Workbook trouvé et actif
2024-11-20 16:42:19,965 - DEBUG - Vérification du workbook...
2024-11-20 16:42:19,971 - DEBUG - Workbook trouvé et actif
2024-11-20 16:42:20,973 - DEBUG - Vérification du workbook...
2024-11-20 16:42:20,977 - DEBUG - Workbook trouvé et actif
2024-11-20 16:42:21,978 - DEBUG - Vérification du workbook...
2024-11-20 16:42:21,987 - DEBUG - Workbook trouvé et actif
2024-11-20 16:42:22,989 - DEBUG - Vérification du workbook...
2024-11-20 16:42:22,999 - DEBUG - Workbook trouvé et actif
2024-11-20 16:42:24,000 - DEBUG - Vérification du workbook...
2024-11-20 16:42:24,011 - DEBUG - Workbook trouvé et actif
2024-11-20 16:42:25,012 - DEBUG - Vérification du workbook...
2024-11-20 16:42:25,020 - DEBUG - Workbook trouvé et actif
2024-11-20 16:42:26,024 - DEBUG - Vérification du workbook...
2024-11-20 16:42:26,028 - DEBUG - Workbook trouvé et actif
2024-11-20 16:42:27,029 - DEBUG - Vérification du workbook...
2024-11-20 16:42:27,033 - DEBUG - Workbook trouvé et actif
2024-11-20 16:42:28,034 - DEBUG - Vérification du workbook...
2024-11-20 16:42:28,046 - DEBUG - Workbook trouvé et actif
2024-11-20 16:42:29,048 - DEBUG - Vérification du workbook...
2024-11-20 16:42:29,057 - DEBUG - Workbook trouvé et actif
2024-11-20 16:42:30,058 - DEBUG - Vérification du workbook...
2024-11-20 16:42:30,068 - DEBUG - Workbook trouvé et actif
2024-11-20 16:42:31,069 - DEBUG - Vérification du workbook...
2024-11-20 16:42:31,078 - DEBUG - Workbook trouvé et actif
2024-11-20 16:42:32,080 - DEBUG - Vérification du workbook...
2024-11-20 16:42:32,084 - DEBUG - Workbook trouvé et actif
2024-11-20 16:42:33,085 - DEBUG - Vérification du workbook...
2024-11-20 16:42:33,089 - DEBUG - Workbook trouvé et actif
2024-11-20 16:42:34,090 - DEBUG - Vérification du workbook...
2024-11-20 16:42:34,095 - DEBUG - Workbook trouvé et actif
2024-11-20 16:42:35,096 - DEBUG - Vérification du workbook...
2024-11-20 16:42:35,101 - DEBUG - Workbook trouvé et actif
2024-11-20 16:42:36,103 - DEBUG - Vérification du workbook...
2024-11-20 16:42:36,107 - DEBUG - Workbook trouvé et actif
2024-11-20 16:42:37,109 - DEBUG - Vérification du workbook...
2024-11-20 16:42:37,114 - DEBUG - Workbook trouvé et actif
2024-11-20 16:42:38,115 - DEBUG - Vérification du workbook...
2024-11-20 16:42:38,119 - DEBUG - Workbook trouvé et actif
2024-11-20 16:42:39,120 - DEBUG - Vérification du workbook...
2024-11-20 16:42:39,125 - DEBUG - Workbook trouvé et actif
2024-11-20 16:42:40,126 - DEBUG - Vérification du workbook...
2024-11-20 16:42:40,132 - DEBUG - Workbook trouvé et actif
2024-11-20 16:42:41,132 - DEBUG - Vérification du workbook...
2024-11-20 16:42:41,143 - DEBUG - Workbook trouvé et actif
2024-11-20 16:42:42,144 - DEBUG - Vérification du workbook...
2024-11-20 16:42:42,150 - DEBUG - Workbook trouvé et actif
2024-11-20 16:42:43,151 - DEBUG - Vérification du workbook...
2024-11-20 16:42:43,163 - DEBUG - Workbook trouvé et actif
2024-11-20 16:42:44,164 - DEBUG - Vérification du workbook...
2024-11-20 16:42:44,169 - DEBUG - Workbook trouvé et actif
2024-11-20 16:42:45,170 - DEBUG - Vérification du workbook...
2024-11-20 16:42:45,176 - DEBUG - Workbook trouvé et actif
2024-11-20 16:42:46,177 - DEBUG - Vérification du workbook...
2024-11-20 16:42:46,181 - DEBUG - Workbook trouvé et actif
2024-11-20 16:42:47,181 - DEBUG - Vérification du workbook...
2024-11-20 16:42:47,192 - DEBUG - Workbook trouvé et actif
2024-11-20 16:42:48,194 - DEBUG - Vérification du workbook...
2024-11-20 16:42:48,202 - DEBUG - Workbook trouvé et actif
2024-11-20 16:42:49,203 - DEBUG - Vérification du workbook...
2024-11-20 16:42:49,216 - DEBUG - Workbook trouvé et actif
2024-11-20 16:42:50,217 - DEBUG - Vérification du workbook...
2024-11-20 16:42:50,224 - DEBUG - Workbook trouvé et actif
2024-11-20 16:42:51,226 - DEBUG - Vérification du workbook...
2024-11-20 16:42:51,232 - DEBUG - Workbook trouvé et actif
2024-11-20 16:42:52,233 - DEBUG - Vérification du workbook...
2024-11-20 16:42:52,240 - DEBUG - Workbook trouvé et actif
2024-11-20 16:42:53,241 - DEBUG - Vérification du workbook...
2024-11-20 16:42:53,245 - DEBUG - Workbook trouvé et actif
2024-11-20 16:42:54,246 - DEBUG - Vérification du workbook...
2024-11-20 16:42:54,264 - DEBUG - Workbook trouvé et actif
2024-11-20 16:42:55,268 - DEBUG - Vérification du workbook...
2024-11-20 16:42:55,277 - DEBUG - Workbook trouvé et actif
2024-11-20 16:42:56,278 - DEBUG - Vérification du workbook...
2024-11-20 16:42:56,286 - DEBUG - Workbook trouvé et actif
2024-11-20 16:42:57,287 - DEBUG - Vérification du workbook...
2024-11-20 16:42:57,291 - DEBUG - Workbook trouvé et actif
2024-11-20 16:42:58,292 - DEBUG - Vérification du workbook...
2024-11-20 16:42:58,305 - DEBUG - Workbook trouvé et actif
2024-11-20 16:42:59,306 - DEBUG - Vérification du workbook...
2024-11-20 16:42:59,312 - DEBUG - Workbook trouvé et actif
2024-11-20 16:43:00,313 - DEBUG - Vérification du workbook...
2024-11-20 16:43:00,323 - DEBUG - Workbook trouvé et actif
2024-11-20 16:43:01,325 - DEBUG - Vérification du workbook...
2024-11-20 16:43:01,334 - DEBUG - Workbook trouvé et actif
2024-11-20 16:43:02,335 - DEBUG - Vérification du workbook...
2024-11-20 16:43:02,345 - DEBUG - Workbook trouvé et actif
2024-11-20 16:43:03,347 - DEBUG - Vérification du workbook...
2024-11-20 16:43:03,352 - DEBUG - Workbook trouvé et actif
2024-11-20 16:43:04,353 - DEBUG - Vérification du workbook...
2024-11-20 16:43:04,357 - DEBUG - Workbook trouvé et actif
2024-11-20 16:43:05,359 - DEBUG - Vérification du workbook...
2024-11-20 16:43:05,362 - DEBUG - Workbook trouvé et actif
2024-11-20 16:43:06,363 - DEBUG - Vérification du workbook...
2024-11-20 16:43:06,370 - DEBUG - Workbook trouvé et actif
2024-11-20 16:43:07,371 - DEBUG - Vérification du workbook...
2024-11-20 16:43:07,381 - DEBUG - Workbook trouvé et actif
2024-11-20 16:43:08,382 - DEBUG - Vérification du workbook...
2024-11-20 16:43:08,388 - DEBUG - Workbook trouvé et actif
2024-11-20 16:43:09,389 - DEBUG - Vérification du workbook...
2024-11-20 16:43:09,392 - DEBUG - Workbook trouvé et actif
2024-11-20 16:43:10,393 - DEBUG - Vérification du workbook...
2024-11-20 16:43:10,396 - DEBUG - Workbook trouvé et actif
2024-11-20 16:43:11,397 - DEBUG - Vérification du workbook...
2024-11-20 16:43:11,401 - DEBUG - Workbook trouvé et actif
2024-11-20 16:43:12,402 - DEBUG - Vérification du workbook...
2024-11-20 16:43:12,407 - DEBUG - Workbook trouvé et actif
2024-11-20 16:43:13,408 - DEBUG - Vérification du workbook...
2024-11-20 16:43:13,413 - DEBUG - Workbook trouvé et actif
2024-11-20 16:43:14,415 - DEBUG - Vérification du workbook...
2024-11-20 16:43:14,423 - DEBUG - Workbook trouvé et actif
2024-11-20 16:43:15,424 - DEBUG - Vérification du workbook...
2024-11-20 16:43:15,429 - DEBUG - Workbook trouvé et actif
2024-11-20 16:43:16,431 - DEBUG - Vérification du workbook...
2024-11-20 16:43:16,435 - DEBUG - Workbook trouvé et actif
2024-11-20 16:43:17,436 - DEBUG - Vérification du workbook...
2024-11-20 16:43:17,446 - DEBUG - Workbook trouvé et actif
2024-11-20 16:43:18,448 - DEBUG - Vérification du workbook...
2024-11-20 16:43:18,457 - DEBUG - Workbook trouvé et actif
2024-11-20 16:43:19,459 - DEBUG - Vérification du workbook...
2024-11-20 16:43:19,467 - DEBUG - Workbook trouvé et actif
2024-11-20 16:43:20,468 - DEBUG - Vérification du workbook...
2024-11-20 16:43:20,475 - DEBUG - Workbook trouvé et actif
2024-11-20 16:43:21,476 - DEBUG - Vérification du workbook...
2024-11-20 16:43:21,483 - DEBUG - Workbook trouvé et actif
2024-11-20 16:43:22,484 - DEBUG - Vérification du workbook...
2024-11-20 16:43:22,491 - DEBUG - Workbook trouvé et actif
2024-11-20 16:43:23,492 - DEBUG - Vérification du workbook...
2024-11-20 16:43:23,500 - DEBUG - Workbook trouvé et actif
2024-11-20 16:43:24,502 - DEBUG - Vérification du workbook...
2024-11-20 16:43:24,506 - DEBUG - Workbook trouvé et actif
2024-11-20 16:43:24,818 - DEBUG - Début initialisation Excel...
2024-11-20 16:43:25,507 - DEBUG - Vérification du workbook...
2024-11-20 16:43:25,541 - DEBUG - Workbook trouvé et actif
2024-11-20 16:43:26,001 - DEBUG - Nouvelle instance Excel créée: <App [excel] 28596>
2024-11-20 16:43:26,002 - DEBUG - Tentative d'ouverture du fichier: C:\Users\JulienFernandez\OneDrive\Portable Softwares\_Scripts\Python\Excel related\2024.11 Excel - surveillance (pas à pas)\ExcelLiveInjectionWithMacrosAndPQ.xlsm
2024-11-20 16:43:26,542 - DEBUG - Vérification du workbook...
2024-11-20 16:43:26,547 - DEBUG - Workbook trouvé et actif
2024-11-20 16:43:27,549 - DEBUG - Vérification du workbook...
2024-11-20 16:43:27,552 - DEBUG - Workbook trouvé et actif
2024-11-20 16:43:28,554 - DEBUG - Vérification du workbook...
2024-11-20 16:43:28,562 - DEBUG - Workbook trouvé et actif
2024-11-20 16:43:29,195 - ERROR - Erreur d'initialisation Excel: (-2147352567, 'Une exception s’est produite.', (0, 'Microsoft Excel', 'Microsoft Excel cannot access the file "C:\\Users\\JulienFernandez\\OneDrive\\Portable Softwares\\_Scripts\\Python\\Excel related\\2024.11 Excel - surveillance (pas à pas)\\ExcelLiveInjectionWithMacrosAndPQ.xlsm". There are several possible reasons:\n\n• The file name or path does not exist.\n• The file is being used by another program.\n• The workbook you are trying to save has the same name as a currently open workbook.', 'xlmain11.chm', 0, -2146827284), None)
2024-11-20 16:43:29,195 - DEBUG - Stack trace:
Traceback (most recent call last):
  File "C:\Users\JulienFernandez\OneDrive\Portable Softwares\_Scripts\Python\Excel related\2024.11 Excel - surveillance (pas à pas)\.venv\Lib\site-packages\xlwings\_xlwindows.py", line 767, in __call__
    return Book(xl=self.xl(name_or_index))
                   ~~~~~~~^^^^^^^^^^^^^^^
  File "C:\Users\JulienFernandez\OneDrive\Portable Softwares\_Scripts\Python\Excel related\2024.11 Excel - surveillance (pas à pas)\.venv\Lib\site-packages\xlwings\_xlwindows.py", line 236, in __call__
    v = self._inner(*args, **kwargs)
  File "C:\Users\JULIEN~1\AppData\Local\Temp\gen_py\3.13\00020813-0000-0000-C000-000000000046x0x1x9.py", line 41398, in __call__
    ret = self._oleobj_.InvokeTypes(0, LCID, 2, (13, 0), ((12, 1),),Index
    	)
pywintypes.com_error: (-2147352567, 'Une exception s’est produite.', (0, None, None, None, 0, -2147352565), None)

During handling of the above exception, another exception occurred:

Traceback (most recent call last):
  File "C:\Users\JulienFernandez\OneDrive\Portable Softwares\_Scripts\Python\Excel related\2024.11 Excel - surveillance (pas à pas)\.venv\Lib\site-packages\xlwings\main.py", line 5165, in open
    impl = self.impl(name)
  File "C:\Users\JulienFernandez\OneDrive\Portable Softwares\_Scripts\Python\Excel related\2024.11 Excel - surveillance (pas à pas)\.venv\Lib\site-packages\xlwings\_xlwindows.py", line 769, in __call__
    raise KeyError(name_or_index)
KeyError: 'ExcelLiveInjectionWithMacrosAndPQ.xlsm'

During handling of the above exception, another exception occurred:

Traceback (most recent call last):
  File "C:\Users\JulienFernandez\OneDrive\Portable Softwares\_Scripts\Python\Excel related\2024.11 Excel - surveillance (pas à pas)\xlwings-monitor.py", line 72, in initialize_excel
    self.wb = self.app.books.open(self.excel_path)
              ~~~~~~~~~~~~~~~~~~~^^^^^^^^^^^^^^^^^
  File "C:\Users\JulienFernandez\OneDrive\Portable Softwares\_Scripts\Python\Excel related\2024.11 Excel - surveillance (pas à pas)\.venv\Lib\site-packages\xlwings\main.py", line 5172, in open
    impl = self.impl.open(
        fullname,
    ...<13 lines>...
        corrupt_load,
    )
  File "C:\Users\JulienFernandez\OneDrive\Portable Softwares\_Scripts\Python\Excel related\2024.11 Excel - surveillance (pas à pas)\.venv\Lib\site-packages\xlwings\_xlwindows.py", line 800, in open
    xl=self.xl.Open(
        fullname,
    ...<13 lines>...
        corrupt_load,
    )
  File "C:\Users\JulienFernandez\OneDrive\Portable Softwares\_Scripts\Python\Excel related\2024.11 Excel - surveillance (pas à pas)\.venv\Lib\site-packages\xlwings\_xlwindows.py", line 122, in __call__
    v = self.__method(*args, **kwargs)
  File "C:\Users\JULIEN~1\AppData\Local\Temp\gen_py\3.13\00020813-0000-0000-C000-000000000046x0x1x9.py", line 41275, in Open
    ret = self._oleobj_.InvokeTypes(1923, LCID, 1, (13, 0), ((8, 1), (12, 17), (12, 17), (12, 17), (12, 17), (12, 17), (12, 17), (12, 17), (12, 17), (12, 17), (12, 17), (12, 17), (12, 17), (12, 17), (12, 17)),Filename
    	, UpdateLinks, ReadOnly, Format, Password, WriteResPassword
    	, IgnoreReadOnlyRecommended, Origin, Delimiter, Editable, Notify
    	, Converter, AddToMru, Local, CorruptLoad)
pywintypes.com_error: (-2147352567, 'Une exception s’est produite.', (0, 'Microsoft Excel', 'Microsoft Excel cannot access the file "C:\\Users\\JulienFernandez\\OneDrive\\Portable Softwares\\_Scripts\\Python\\Excel related\\2024.11 Excel - surveillance (pas à pas)\\ExcelLiveInjectionWithMacrosAndPQ.xlsm". There are several possible reasons:\n\n• The file name or path does not exist.\n• The file is being used by another program.\n• The workbook you are trying to save has the same name as a currently open workbook.', 'xlmain11.chm', 0, -2146827284), None)
2024-11-20 16:43:29,227 - ERROR - Erreur générale: (-2147352567, 'Une exception s’est produite.', (0, 'Microsoft Excel', 'Microsoft Excel cannot access the file "C:\\Users\\JulienFernandez\\OneDrive\\Portable Softwares\\_Scripts\\Python\\Excel related\\2024.11 Excel - surveillance (pas à pas)\\ExcelLiveInjectionWithMacrosAndPQ.xlsm". There are several possible reasons:\n\n• The file name or path does not exist.\n• The file is being used by another program.\n• The workbook you are trying to save has the same name as a currently open workbook.', 'xlmain11.chm', 0, -2146827284), None)
2024-11-20 16:43:29,564 - DEBUG - Vérification du workbook...
2024-11-20 16:43:29,567 - DEBUG - Workbook trouvé et actif
2024-11-20 16:43:30,569 - DEBUG - Vérification du workbook...
2024-11-20 16:43:30,577 - DEBUG - Workbook trouvé et actif
2024-11-20 16:43:31,578 - DEBUG - Vérification du workbook...
2024-11-20 16:43:31,583 - DEBUG - Workbook trouvé et actif
2024-11-20 16:43:32,584 - DEBUG - Vérification du workbook...
2024-11-20 16:43:32,588 - DEBUG - Workbook trouvé et actif
2024-11-20 16:43:33,590 - DEBUG - Vérification du workbook...
2024-11-20 16:43:33,593 - DEBUG - Workbook non trouvé dans les workbooks ouverts
2024-11-20 16:43:33,593 - INFO - Excel fermé - Arrêt
2024-11-20 16:43:33,595 - ERROR - Erreur cleanup: (-2147417848, 'L’objet invoqué s’est déconnecté de ses clients.', None, None)
2024-11-20 16:43:37,446 - DEBUG - Début initialisation Excel...
2024-11-20 16:43:38,544 - DEBUG - Nouvelle instance Excel créée: <App [excel] 12716>
2024-11-20 16:43:38,545 - DEBUG - Tentative d'ouverture du fichier: C:\Users\JulienFernandez\OneDrive\Portable Softwares\_Scripts\Python\Excel related\2024.11 Excel - surveillance (pas à pas)\ExcelLiveInjectionWithMacrosAndPQ.xlsm
2024-11-20 16:43:39,955 - INFO - Excel initialisé avec succès
2024-11-20 16:43:39,957 - INFO - Surveillance du dossier: C:\Users\JulienFernandez\OneDrive\Portable Softwares\_Scripts\Python\Excel related\2024.11 Excel - surveillance (pas à pas)\macros_export
2024-11-20 16:43:55,981 - DEBUG - Début initialisation Excel...
2024-11-20 16:43:56,141 - INFO - Excel fermé - Arrêt
2024-11-20 16:43:57,124 - DEBUG - Nouvelle instance Excel créée: <App [excel] 25616>
2024-11-20 16:43:57,125 - DEBUG - Tentative d'ouverture du fichier: C:\Users\JulienFernandez\OneDrive\Portable Softwares\_Scripts\Python\Excel related\2024.11 Excel - surveillance (pas à pas)\ExcelLiveInjectionWithMacrosAndPQ.xlsm
2024-11-20 16:44:04,672 - ERROR - Erreur d'initialisation Excel: (-2147352567, 'Une exception s’est produite.', (0, 'Microsoft Excel', 'Microsoft Excel cannot access the file "C:\\Users\\JulienFernandez\\OneDrive\\Portable Softwares\\_Scripts\\Python\\Excel related\\2024.11 Excel - surveillance (pas à pas)\\ExcelLiveInjectionWithMacrosAndPQ.xlsm". There are several possible reasons:\n\n• The file name or path does not exist.\n• The file is being used by another program.\n• The workbook you are trying to save has the same name as a currently open workbook.', 'xlmain11.chm', 0, -2146827284), None)
2024-11-20 16:44:04,673 - DEBUG - Stack trace:
Traceback (most recent call last):
  File "C:\Users\JulienFernandez\OneDrive\Portable Softwares\_Scripts\Python\Excel related\2024.11 Excel - surveillance (pas à pas)\.venv\Lib\site-packages\xlwings\_xlwindows.py", line 767, in __call__
    return Book(xl=self.xl(name_or_index))
                   ~~~~~~~^^^^^^^^^^^^^^^
  File "C:\Users\JulienFernandez\OneDrive\Portable Softwares\_Scripts\Python\Excel related\2024.11 Excel - surveillance (pas à pas)\.venv\Lib\site-packages\xlwings\_xlwindows.py", line 236, in __call__
    v = self._inner(*args, **kwargs)
  File "C:\Users\JULIEN~1\AppData\Local\Temp\gen_py\3.13\00020813-0000-0000-C000-000000000046x0x1x9.py", line 41398, in __call__
    ret = self._oleobj_.InvokeTypes(0, LCID, 2, (13, 0), ((12, 1),),Index
    	)
pywintypes.com_error: (-2147352567, 'Une exception s’est produite.', (0, None, None, None, 0, -2147352565), None)

During handling of the above exception, another exception occurred:

Traceback (most recent call last):
  File "C:\Users\JulienFernandez\OneDrive\Portable Softwares\_Scripts\Python\Excel related\2024.11 Excel - surveillance (pas à pas)\.venv\Lib\site-packages\xlwings\main.py", line 5165, in open
    impl = self.impl(name)
  File "C:\Users\JulienFernandez\OneDrive\Portable Softwares\_Scripts\Python\Excel related\2024.11 Excel - surveillance (pas à pas)\.venv\Lib\site-packages\xlwings\_xlwindows.py", line 769, in __call__
    raise KeyError(name_or_index)
KeyError: 'ExcelLiveInjectionWithMacrosAndPQ.xlsm'

During handling of the above exception, another exception occurred:

Traceback (most recent call last):
  File "C:\Users\JulienFernandez\OneDrive\Portable Softwares\_Scripts\Python\Excel related\2024.11 Excel - surveillance (pas à pas)\xlwings-monitor.py", line 72, in initialize_excel
    self.wb = self.app.books.open(self.excel_path)
              ~~~~~~~~~~~~~~~~~~~^^^^^^^^^^^^^^^^^
  File "C:\Users\JulienFernandez\OneDrive\Portable Softwares\_Scripts\Python\Excel related\2024.11 Excel - surveillance (pas à pas)\.venv\Lib\site-packages\xlwings\main.py", line 5172, in open
    impl = self.impl.open(
        fullname,
    ...<13 lines>...
        corrupt_load,
    )
  File "C:\Users\JulienFernandez\OneDrive\Portable Softwares\_Scripts\Python\Excel related\2024.11 Excel - surveillance (pas à pas)\.venv\Lib\site-packages\xlwings\_xlwindows.py", line 800, in open
    xl=self.xl.Open(
        fullname,
    ...<13 lines>...
        corrupt_load,
    )
  File "C:\Users\JulienFernandez\OneDrive\Portable Softwares\_Scripts\Python\Excel related\2024.11 Excel - surveillance (pas à pas)\.venv\Lib\site-packages\xlwings\_xlwindows.py", line 122, in __call__
    v = self.__method(*args, **kwargs)
  File "C:\Users\JULIEN~1\AppData\Local\Temp\gen_py\3.13\00020813-0000-0000-C000-000000000046x0x1x9.py", line 41275, in Open
    ret = self._oleobj_.InvokeTypes(1923, LCID, 1, (13, 0), ((8, 1), (12, 17), (12, 17), (12, 17), (12, 17), (12, 17), (12, 17), (12, 17), (12, 17), (12, 17), (12, 17), (12, 17), (12, 17), (12, 17), (12, 17)),Filename
    	, UpdateLinks, ReadOnly, Format, Password, WriteResPassword
    	, IgnoreReadOnlyRecommended, Origin, Delimiter, Editable, Notify
    	, Converter, AddToMru, Local, CorruptLoad)
pywintypes.com_error: (-2147352567, 'Une exception s’est produite.', (0, 'Microsoft Excel', 'Microsoft Excel cannot access the file "C:\\Users\\JulienFernandez\\OneDrive\\Portable Softwares\\_Scripts\\Python\\Excel related\\2024.11 Excel - surveillance (pas à pas)\\ExcelLiveInjectionWithMacrosAndPQ.xlsm". There are several possible reasons:\n\n• The file name or path does not exist.\n• The file is being used by another program.\n• The workbook you are trying to save has the same name as a currently open workbook.', 'xlmain11.chm', 0, -2146827284), None)
2024-11-20 16:44:04,708 - ERROR - Attempt 1 failed: (-2147352567, 'Une exception s’est produite.', (0, 'Microsoft Excel', 'Microsoft Excel cannot access the file "C:\\Users\\JulienFernandez\\OneDrive\\Portable Softwares\\_Scripts\\Python\\Excel related\\2024.11 Excel - surveillance (pas à pas)\\ExcelLiveInjectionWithMacrosAndPQ.xlsm". There are several possible reasons:\n\n• The file name or path does not exist.\n• The file is being used by another program.\n• The workbook you are trying to save has the same name as a currently open workbook.', 'xlmain11.chm', 0, -2146827284), None)
2024-11-20 16:44:05,714 - DEBUG - Début initialisation Excel...
2024-11-20 16:44:06,781 - DEBUG - Nouvelle instance Excel créée: <App [excel] 20928>
2024-11-20 16:44:06,781 - DEBUG - Tentative d'ouverture du fichier: C:\Users\JulienFernandez\OneDrive\Portable Softwares\_Scripts\Python\Excel related\2024.11 Excel - surveillance (pas à pas)\ExcelLiveInjectionWithMacrosAndPQ.xlsm
2024-11-20 16:44:10,531 - ERROR - Erreur d'initialisation Excel: (-2147352567, 'Une exception s’est produite.', (0, 'Microsoft Excel', 'Microsoft Excel cannot access the file "C:\\Users\\JulienFernandez\\OneDrive\\Portable Softwares\\_Scripts\\Python\\Excel related\\2024.11 Excel - surveillance (pas à pas)\\ExcelLiveInjectionWithMacrosAndPQ.xlsm". There are several possible reasons:\n\n• The file name or path does not exist.\n• The file is being used by another program.\n• The workbook you are trying to save has the same name as a currently open workbook.', 'xlmain11.chm', 0, -2146827284), None)
2024-11-20 16:44:10,532 - DEBUG - Stack trace:
Traceback (most recent call last):
  File "C:\Users\JulienFernandez\OneDrive\Portable Softwares\_Scripts\Python\Excel related\2024.11 Excel - surveillance (pas à pas)\.venv\Lib\site-packages\xlwings\_xlwindows.py", line 767, in __call__
    return Book(xl=self.xl(name_or_index))
                   ~~~~~~~^^^^^^^^^^^^^^^
  File "C:\Users\JulienFernandez\OneDrive\Portable Softwares\_Scripts\Python\Excel related\2024.11 Excel - surveillance (pas à pas)\.venv\Lib\site-packages\xlwings\_xlwindows.py", line 236, in __call__
    v = self._inner(*args, **kwargs)
  File "C:\Users\JULIEN~1\AppData\Local\Temp\gen_py\3.13\00020813-0000-0000-C000-000000000046x0x1x9.py", line 41398, in __call__
    ret = self._oleobj_.InvokeTypes(0, LCID, 2, (13, 0), ((12, 1),),Index
    	)
pywintypes.com_error: (-2147352567, 'Une exception s’est produite.', (0, None, None, None, 0, -2147352565), None)

During handling of the above exception, another exception occurred:

Traceback (most recent call last):
  File "C:\Users\JulienFernandez\OneDrive\Portable Softwares\_Scripts\Python\Excel related\2024.11 Excel - surveillance (pas à pas)\.venv\Lib\site-packages\xlwings\main.py", line 5165, in open
    impl = self.impl(name)
  File "C:\Users\JulienFernandez\OneDrive\Portable Softwares\_Scripts\Python\Excel related\2024.11 Excel - surveillance (pas à pas)\.venv\Lib\site-packages\xlwings\_xlwindows.py", line 769, in __call__
    raise KeyError(name_or_index)
KeyError: 'ExcelLiveInjectionWithMacrosAndPQ.xlsm'

During handling of the above exception, another exception occurred:

Traceback (most recent call last):
  File "C:\Users\JulienFernandez\OneDrive\Portable Softwares\_Scripts\Python\Excel related\2024.11 Excel - surveillance (pas à pas)\xlwings-monitor.py", line 72, in initialize_excel
    self.wb = self.app.books.open(self.excel_path)
              ~~~~~~~~~~~~~~~~~~~^^^^^^^^^^^^^^^^^
  File "C:\Users\JulienFernandez\OneDrive\Portable Softwares\_Scripts\Python\Excel related\2024.11 Excel - surveillance (pas à pas)\.venv\Lib\site-packages\xlwings\main.py", line 5172, in open
    impl = self.impl.open(
        fullname,
    ...<13 lines>...
        corrupt_load,
    )
  File "C:\Users\JulienFernandez\OneDrive\Portable Softwares\_Scripts\Python\Excel related\2024.11 Excel - surveillance (pas à pas)\.venv\Lib\site-packages\xlwings\_xlwindows.py", line 800, in open
    xl=self.xl.Open(
        fullname,
    ...<13 lines>...
        corrupt_load,
    )
  File "C:\Users\JulienFernandez\OneDrive\Portable Softwares\_Scripts\Python\Excel related\2024.11 Excel - surveillance (pas à pas)\.venv\Lib\site-packages\xlwings\_xlwindows.py", line 122, in __call__
    v = self.__method(*args, **kwargs)
  File "C:\Users\JULIEN~1\AppData\Local\Temp\gen_py\3.13\00020813-0000-0000-C000-000000000046x0x1x9.py", line 41275, in Open
    ret = self._oleobj_.InvokeTypes(1923, LCID, 1, (13, 0), ((8, 1), (12, 17), (12, 17), (12, 17), (12, 17), (12, 17), (12, 17), (12, 17), (12, 17), (12, 17), (12, 17), (12, 17), (12, 17), (12, 17), (12, 17)),Filename
    	, UpdateLinks, ReadOnly, Format, Password, WriteResPassword
    	, IgnoreReadOnlyRecommended, Origin, Delimiter, Editable, Notify
    	, Converter, AddToMru, Local, CorruptLoad)
pywintypes.com_error: (-2147352567, 'Une exception s’est produite.', (0, 'Microsoft Excel', 'Microsoft Excel cannot access the file "C:\\Users\\JulienFernandez\\OneDrive\\Portable Softwares\\_Scripts\\Python\\Excel related\\2024.11 Excel - surveillance (pas à pas)\\ExcelLiveInjectionWithMacrosAndPQ.xlsm". There are several possible reasons:\n\n• The file name or path does not exist.\n• The file is being used by another program.\n• The workbook you are trying to save has the same name as a currently open workbook.', 'xlmain11.chm', 0, -2146827284), None)
2024-11-20 16:44:10,543 - ERROR - Attempt 2 failed: (-2147352567, 'Une exception s’est produite.', (0, 'Microsoft Excel', 'Microsoft Excel cannot access the file "C:\\Users\\JulienFernandez\\OneDrive\\Portable Softwares\\_Scripts\\Python\\Excel related\\2024.11 Excel - surveillance (pas à pas)\\ExcelLiveInjectionWithMacrosAndPQ.xlsm". There are several possible reasons:\n\n• The file name or path does not exist.\n• The file is being used by another program.\n• The workbook you are trying to save has the same name as a currently open workbook.', 'xlmain11.chm', 0, -2146827284), None)
2024-11-20 16:44:11,548 - DEBUG - Début initialisation Excel...
2024-11-20 16:44:12,649 - DEBUG - Nouvelle instance Excel créée: <App [excel] 29480>
2024-11-20 16:44:12,649 - DEBUG - Tentative d'ouverture du fichier: C:\Users\JulienFernandez\OneDrive\Portable Softwares\_Scripts\Python\Excel related\2024.11 Excel - surveillance (pas à pas)\ExcelLiveInjectionWithMacrosAndPQ.xlsm
2024-11-20 16:44:15,593 - ERROR - Erreur d'initialisation Excel: (-2147352567, 'Une exception s’est produite.', (0, 'Microsoft Excel', 'Microsoft Excel cannot access the file "C:\\Users\\JulienFernandez\\OneDrive\\Portable Softwares\\_Scripts\\Python\\Excel related\\2024.11 Excel - surveillance (pas à pas)\\ExcelLiveInjectionWithMacrosAndPQ.xlsm". There are several possible reasons:\n\n• The file name or path does not exist.\n• The file is being used by another program.\n• The workbook you are trying to save has the same name as a currently open workbook.', 'xlmain11.chm', 0, -2146827284), None)
2024-11-20 16:44:15,594 - DEBUG - Stack trace:
Traceback (most recent call last):
  File "C:\Users\JulienFernandez\OneDrive\Portable Softwares\_Scripts\Python\Excel related\2024.11 Excel - surveillance (pas à pas)\.venv\Lib\site-packages\xlwings\_xlwindows.py", line 767, in __call__
    return Book(xl=self.xl(name_or_index))
                   ~~~~~~~^^^^^^^^^^^^^^^
  File "C:\Users\JulienFernandez\OneDrive\Portable Softwares\_Scripts\Python\Excel related\2024.11 Excel - surveillance (pas à pas)\.venv\Lib\site-packages\xlwings\_xlwindows.py", line 236, in __call__
    v = self._inner(*args, **kwargs)
  File "C:\Users\JULIEN~1\AppData\Local\Temp\gen_py\3.13\00020813-0000-0000-C000-000000000046x0x1x9.py", line 41398, in __call__
    ret = self._oleobj_.InvokeTypes(0, LCID, 2, (13, 0), ((12, 1),),Index
    	)
pywintypes.com_error: (-2147352567, 'Une exception s’est produite.', (0, None, None, None, 0, -2147352565), None)

During handling of the above exception, another exception occurred:

Traceback (most recent call last):
  File "C:\Users\JulienFernandez\OneDrive\Portable Softwares\_Scripts\Python\Excel related\2024.11 Excel - surveillance (pas à pas)\.venv\Lib\site-packages\xlwings\main.py", line 5165, in open
    impl = self.impl(name)
  File "C:\Users\JulienFernandez\OneDrive\Portable Softwares\_Scripts\Python\Excel related\2024.11 Excel - surveillance (pas à pas)\.venv\Lib\site-packages\xlwings\_xlwindows.py", line 769, in __call__
    raise KeyError(name_or_index)
KeyError: 'ExcelLiveInjectionWithMacrosAndPQ.xlsm'

During handling of the above exception, another exception occurred:

Traceback (most recent call last):
  File "C:\Users\JulienFernandez\OneDrive\Portable Softwares\_Scripts\Python\Excel related\2024.11 Excel - surveillance (pas à pas)\xlwings-monitor.py", line 72, in initialize_excel
    self.wb = self.app.books.open(self.excel_path)
              ~~~~~~~~~~~~~~~~~~~^^^^^^^^^^^^^^^^^
  File "C:\Users\JulienFernandez\OneDrive\Portable Softwares\_Scripts\Python\Excel related\2024.11 Excel - surveillance (pas à pas)\.venv\Lib\site-packages\xlwings\main.py", line 5172, in open
    impl = self.impl.open(
        fullname,
    ...<13 lines>...
        corrupt_load,
    )
  File "C:\Users\JulienFernandez\OneDrive\Portable Softwares\_Scripts\Python\Excel related\2024.11 Excel - surveillance (pas à pas)\.venv\Lib\site-packages\xlwings\_xlwindows.py", line 800, in open
    xl=self.xl.Open(
        fullname,
    ...<13 lines>...
        corrupt_load,
    )
  File "C:\Users\JulienFernandez\OneDrive\Portable Softwares\_Scripts\Python\Excel related\2024.11 Excel - surveillance (pas à pas)\.venv\Lib\site-packages\xlwings\_xlwindows.py", line 122, in __call__
    v = self.__method(*args, **kwargs)
  File "C:\Users\JULIEN~1\AppData\Local\Temp\gen_py\3.13\00020813-0000-0000-C000-000000000046x0x1x9.py", line 41275, in Open
    ret = self._oleobj_.InvokeTypes(1923, LCID, 1, (13, 0), ((8, 1), (12, 17), (12, 17), (12, 17), (12, 17), (12, 17), (12, 17), (12, 17), (12, 17), (12, 17), (12, 17), (12, 17), (12, 17), (12, 17), (12, 17)),Filename
    	, UpdateLinks, ReadOnly, Format, Password, WriteResPassword
    	, IgnoreReadOnlyRecommended, Origin, Delimiter, Editable, Notify
    	, Converter, AddToMru, Local, CorruptLoad)
pywintypes.com_error: (-2147352567, 'Une exception s’est produite.', (0, 'Microsoft Excel', 'Microsoft Excel cannot access the file "C:\\Users\\JulienFernandez\\OneDrive\\Portable Softwares\\_Scripts\\Python\\Excel related\\2024.11 Excel - surveillance (pas à pas)\\ExcelLiveInjectionWithMacrosAndPQ.xlsm". There are several possible reasons:\n\n• The file name or path does not exist.\n• The file is being used by another program.\n• The workbook you are trying to save has the same name as a currently open workbook.', 'xlmain11.chm', 0, -2146827284), None)
2024-11-20 16:44:15,605 - ERROR - Attempt 3 failed: (-2147352567, 'Une exception s’est produite.', (0, 'Microsoft Excel', 'Microsoft Excel cannot access the file "C:\\Users\\JulienFernandez\\OneDrive\\Portable Softwares\\_Scripts\\Python\\Excel related\\2024.11 Excel - surveillance (pas à pas)\\ExcelLiveInjectionWithMacrosAndPQ.xlsm". There are several possible reasons:\n\n• The file name or path does not exist.\n• The file is being used by another program.\n• The workbook you are trying to save has the same name as a currently open workbook.', 'xlmain11.chm', 0, -2146827284), None)
2024-11-20 16:44:16,606 - ERROR - Failed to import C:\Users\JulienFernandez\OneDrive\Portable Softwares\_Scripts\Python\Excel related\2024.11 Excel - surveillance (pas à pas)\macros_export\Module2.bas after 3 attempts
